This is pdfTeX, Version 3.141592653-2.6-1.40.29 (TeX Live 2026) (preloaded format=pdflatex 2026.3.8)  12 AUG 2026 00:13
entering extended mode
 restricted \write18 enabled.
 file:line:error style messages enabled.
 %&-line parsing enabled.
**e:/User/Noto/SIIT/SIIT_Year_4/LLM_WritePoem/Paper/Latex_Paper/iSAI-Klon-Checker.tex
(e:/User/Noto/SIIT/SIIT_Year_4/LLM_WritePoem/Paper/Latex_Paper/iSAI-Klon-Checker.tex
LaTeX2e <2025-11-01>
L3 programming layer <2026-01-19>
(./IEEEtran.cls
Document Class: IEEEtran 2015/08/26 V1.8b by Michael Shell
-- See the "IEEEtran_HOWTO" manual for usage information.
-- http://www.michaelshell.org/tex/ieeetran/
\@IEEEtrantmpdimenA=\dimen148
\@IEEEtrantmpdimenB=\dimen149
\@IEEEtrantmpdimenC=\dimen150
\@IEEEtrantmpcountA=\count275
\@IEEEtrantmpcountB=\count276
\@IEEEtrantmpcountC=\count277
\@IEEEtrantmptoksA=\toks17
LaTeX Font Info:    Trying to load font information for OT1+ptm on input line 503.
(d:/texlive/2026/texmf-dist/tex/latex/psnfss/ot1ptm.fd
File: ot1ptm.fd 2001/06/04 font definitions for OT1/ptm.
)
-- Using 8.5in x 11in (letter) paper.
-- Using PDF output.
\@IEEEnormalsizeunitybaselineskip=\dimen151
-- This is a 10 point document.
LaTeX Encoding Info:    Redeclaring text command \textunderscore (encoding ?) on input line 937.
\CLASSINFOnormalsizebaselineskip=\dimen152
\CLASSINFOnormalsizeunitybaselineskip=\dimen153
\IEEEnormaljot=\dimen154
LaTeX Font Info:    Font shape `OT1/ptm/bx/n' in size <5> not available
(Font)              Font shape `OT1/ptm/b/n' tried instead on input line 1090.
LaTeX Font Info:    Font shape `OT1/ptm/bx/it' in size <5> not available
(Font)              Font shape `OT1/ptm/b/it' tried instead on input line 1090.
LaTeX Font Info:    Font shape `OT1/ptm/bx/n' in size <7> not available
(Font)              Font shape `OT1/ptm/b/n' tried instead on input line 1090.
LaTeX Font Info:    Font shape `OT1/ptm/bx/it' in size <7> not available
(Font)              Font shape `OT1/ptm/b/it' tried instead on input line 1090.
LaTeX Font Info:    Font shape `OT1/ptm/bx/n' in size <8> not available
(Font)              Font shape `OT1/ptm/b/n' tried instead on input line 1090.
LaTeX Font Info:    Font shape `OT1/ptm/bx/it' in size <8> not available
(Font)              Font shape `OT1/ptm/b/it' tried instead on input line 1090.
LaTeX Font Info:    Font shape `OT1/ptm/bx/n' in size <9> not available
(Font)              Font shape `OT1/ptm/b/n' tried instead on input line 1090.
LaTeX Font Info:    Font shape `OT1/ptm/bx/it' in size <9> not available
(Font)              Font shape `OT1/ptm/b/it' tried instead on input line 1090.
LaTeX Font Info:    Font shape `OT1/ptm/bx/n' in size <10> not available
(Font)              Font shape `OT1/ptm/b/n' tried instead on input line 1090.
LaTeX Font Info:    Font shape `OT1/ptm/bx/it' in size <10> not available
(Font)              Font shape `OT1/ptm/b/it' tried instead on input line 1090.
LaTeX Font Info:    Font shape `OT1/ptm/bx/n' in size <11> not available
(Font)              Font shape `OT1/ptm/b/n' tried instead on input line 1090.
LaTeX Font Info:    Font shape `OT1/ptm/bx/it' in size <11> not available
(Font)              Font shape `OT1/ptm/b/it' tried instead on input line 1090.
LaTeX Font Info:    Font shape `OT1/ptm/bx/n' in size <12> not available
(Font)              Font shape `OT1/ptm/b/n' tried instead on input line 1090.
LaTeX Font Info:    Font shape `OT1/ptm/bx/it' in size <12> not available
(Font)              Font shape `OT1/ptm/b/it' tried instead on input line 1090.
LaTeX Font Info:    Font shape `OT1/ptm/bx/n' in size <17> not available
(Font)              Font shape `OT1/ptm/b/n' tried instead on input line 1090.
LaTeX Font Info:    Font shape `OT1/ptm/bx/it' in size <17> not available
(Font)              Font shape `OT1/ptm/b/it' tried instead on input line 1090.
LaTeX Font Info:    Font shape `OT1/ptm/bx/n' in size <20> not available
(Font)              Font shape `OT1/ptm/b/n' tried instead on input line 1090.
LaTeX Font Info:    Font shape `OT1/ptm/bx/it' in size <20> not available
(Font)              Font shape `OT1/ptm/b/it' tried instead on input line 1090.
LaTeX Font Info:    Font shape `OT1/ptm/bx/n' in size <24> not available
(Font)              Font shape `OT1/ptm/b/n' tried instead on input line 1090.
LaTeX Font Info:    Font shape `OT1/ptm/bx/it' in size <24> not available
(Font)              Font shape `OT1/ptm/b/it' tried instead on input line 1090.
\IEEEquantizedlength=\dimen155
\IEEEquantizedlengthdiff=\dimen156
\IEEEquantizedtextheightdiff=\dimen157
\IEEEilabelindentA=\dimen158
\IEEEilabelindentB=\dimen159
\IEEEilabelindent=\dimen160
\IEEEelabelindent=\dimen161
\IEEEdlabelindent=\dimen162
\IEEElabelindent=\dimen163
\IEEEiednormlabelsep=\dimen164
\IEEEiedmathlabelsep=\dimen165
\IEEEiedtopsep=\skip49
\c@section=\count278
\c@subsection=\count279
\c@subsubsection=\count280
\c@paragraph=\count281
\c@IEEEsubequation=\count282
\abovecaptionskip=\skip50
\belowcaptionskip=\skip51
\c@figure=\count283
\c@table=\count284
\@IEEEeqnnumcols=\count285
\@IEEEeqncolcnt=\count286
\@IEEEsubeqnnumrollback=\count287
\@IEEEquantizeheightA=\dimen166
\@IEEEquantizeheightB=\dimen167
\@IEEEquantizeheightC=\dimen168
\@IEEEquantizeprevdepth=\dimen169
\@IEEEquantizemultiple=\count288
\@IEEEquantizeboxA=\box53
\@IEEEtmpitemindent=\dimen170
\IEEEPARstartletwidth=\dimen171
\c@IEEEbiography=\count289
\@IEEEtranrubishbin=\box54
)
** ATTENTION: Overriding command lockouts (line 2).
(d:/texlive/2026/texmf-dist/tex/latex/cite/cite.sty
LaTeX Info: Redefining \cite on input line 302.
LaTeX Info: Redefining \nocite on input line 332.
Package: cite 2015/02/27  v 5.5
) (d:/texlive/2026/texmf-dist/tex/latex/amsmath/amsmath.sty
Package: amsmath 2025/07/09 v2.17z AMS math features
\@mathmargin=\skip52

For additional information on amsmath, use the `?' option.
(d:/texlive/2026/texmf-dist/tex/latex/amsmath/amstext.sty
Package: amstext 2024/11/17 v2.01 AMS text
 (d:/texlive/2026/texmf-dist/tex/latex/amsmath/amsgen.sty
File: amsgen.sty 1999/11/30 v2.0 generic functions
\@emptytoks=\toks18
\ex@=\dimen172
)) (d:/texlive/2026/texmf-dist/tex/latex/amsmath/amsbsy.sty
Package: amsbsy 1999/11/29 v1.2d Bold Symbols
\pmbraise@=\dimen173
) (d:/texlive/2026/texmf-dist/tex/latex/amsmath/amsopn.sty
Package: amsopn 2022/04/08 v2.04 operator names
)
\inf@bad=\count290
LaTeX Info: Redefining \frac on input line 233.
\uproot@=\count291
\leftroot@=\count292
LaTeX Info: Redefining \overline on input line 398.
LaTeX Info: Redefining \colon on input line 409.
\classnum@=\count293
\DOTSCASE@=\count294
LaTeX Info: Redefining \ldots on input line 495.
LaTeX Info: Redefining \dots on input line 498.
LaTeX Info: Redefining \cdots on input line 619.
\Mathstrutbox@=\box55
\strutbox@=\box56
LaTeX Info: Redefining \big on input line 721.
LaTeX Info: Redefining \Big on input line 722.
LaTeX Info: Redefining \bigg on input line 723.
LaTeX Info: Redefining \Bigg on input line 724.
\big@size=\dimen174
LaTeX Font Info:    Redeclaring font encoding OML on input line 742.
LaTeX Font Info:    Redeclaring font encoding OMS on input line 743.
\macc@depth=\count295
LaTeX Info: Redefining \bmod on input line 904.
LaTeX Info: Redefining \pmod on input line 909.
LaTeX Info: Redefining \smash on input line 939.
LaTeX Info: Redefining \relbar on input line 969.
LaTeX Info: Redefining \Relbar on input line 970.
\c@MaxMatrixCols=\count296
\dotsspace@=\muskip17
\c@parentequation=\count297
\dspbrk@lvl=\count298
\tag@help=\toks19
\row@=\count299
\column@=\count300
\maxfields@=\count301
\andhelp@=\toks20
\eqnshift@=\dimen175
\alignsep@=\dimen176
\tagshift@=\dimen177
\tagwidth@=\dimen178
\totwidth@=\dimen179
\lineht@=\dimen180
\@envbody=\toks21
\multlinegap=\skip53
\multlinetaggap=\skip54
\mathdisplay@stack=\toks22
LaTeX Info: Redefining \[ on input line 2950.
LaTeX Info: Redefining \] on input line 2951.
) (d:/texlive/2026/texmf-dist/tex/latex/amsfonts/amssymb.sty
Package: amssymb 2013/01/14 v3.01 AMS font symbols
 (d:/texlive/2026/texmf-dist/tex/latex/amsfonts/amsfonts.sty
Package: amsfonts 2013/01/14 v3.01 Basic AMSFonts support
\symAMSa=\mathgroup4
\symAMSb=\mathgroup5
LaTeX Font Info:    Redeclaring math symbol \hbar on input line 98.
LaTeX Font Info:    Overwriting math alphabet `\mathfrak' in version `bold'
(Font)                  U/euf/m/n --> U/euf/b/n on input line 106.
)) (d:/texlive/2026/texmf-dist/tex/latex/algorithms/algorithmic.sty
Package: algorithmic 2009/08/24 v0.1 Document Style `algorithmic'
 (d:/texlive/2026/texmf-dist/tex/latex/base/ifthen.sty
Package: ifthen 2024/03/16 v1.1e Standard LaTeX ifthen package (DPC)
) (d:/texlive/2026/texmf-dist/tex/latex/graphics/keyval.sty
Package: keyval 2022/05/29 v1.15 key=value parser (DPC)
\KV@toks@=\toks23
)
\c@ALC@unique=\count302
\c@ALC@line=\count303
\c@ALC@rem=\count304
\c@ALC@depth=\count305
\ALC@tlm=\skip55
\algorithmicindent=\skip56
) (d:/texlive/2026/texmf-dist/tex/latex/graphics/graphicx.sty
Package: graphicx 2024/12/31 v1.2e Enhanced LaTeX Graphics (DPC,SPQR)
 (d:/texlive/2026/texmf-dist/tex/latex/graphics/graphics.sty
Package: graphics 2024/08/06 v1.4g Standard LaTeX Graphics (DPC,SPQR)
 (d:/texlive/2026/texmf-dist/tex/latex/graphics/trig.sty
Package: trig 2023/12/02 v1.11 sin cos tan (DPC)
) (d:/texlive/2026/texmf-dist/tex/latex/graphics-cfg/graphics.cfg
File: graphics.cfg 2016/06/04 v1.11 sample graphics configuration
)
Package graphics Info: Driver file: pdftex.def on input line 106.
 (d:/texlive/2026/texmf-dist/tex/latex/graphics-def/pdftex.def
File: pdftex.def 2025/09/29 v1.2d Graphics/color driver for pdftex
))
\Gin@req@height=\dimen181
\Gin@req@width=\dimen182
) (d:/texlive/2026/texmf-dist/tex/latex/base/textcomp.sty
Package: textcomp 2024/04/24 v2.1b Standard LaTeX package
) (d:/texlive/2026/texmf-dist/tex/latex/xcolor/xcolor.sty
Package: xcolor 2024/09/29 v3.02 LaTeX color extensions (UK)
 (d:/texlive/2026/texmf-dist/tex/latex/graphics-cfg/color.cfg
File: color.cfg 2016/01/02 v1.6 sample color configuration
)
Package xcolor Info: Driver file: pdftex.def on input line 274.
 (d:/texlive/2026/texmf-dist/tex/latex/graphics/mathcolor.ltx)
Package xcolor Info: Model `cmy' substituted by `cmy0' on input line 1349.
Package xcolor Info: Model `hsb' substituted by `rgb' on input line 1353.
Package xcolor Info: Model `RGB' extended on input line 1365.
Package xcolor Info: Model `HTML' substituted by `rgb' on input line 1367.
Package xcolor Info: Model `Hsb' substituted by `hsb' on input line 1368.
Package xcolor Info: Model `tHsb' substituted by `hsb' on input line 1369.
Package xcolor Info: Model `HSB' substituted by `hsb' on input line 1370.
Package xcolor Info: Model `Gray' substituted by `gray' on input line 1371.
Package xcolor Info: Model `wave' substituted by `hsb' on input line 1372.
) (d:/texlive/2026/texmf-dist/tex/latex/l3backend/l3backend-pdftex.def
File: l3backend-pdftex.def 2025-10-09 L3 backend support: PDF output (pdfTeX)
\l__color_backend_stack_int=\count306
) (./iSAI-Klon-Checker.aux)
\openout1 = `iSAI-Klon-Checker.aux'.

LaTeX Font Info:    Checking defaults for OML/cmm/m/it on input line 15.
LaTeX Font Info:    ... okay on input line 15.
LaTeX Font Info:    Checking defaults for OMS/cmsy/m/n on input line 15.
LaTeX Font Info:    ... okay on input line 15.
LaTeX Font Info:    Checking defaults for OT1/cmr/m/n on input line 15.
LaTeX Font Info:    ... okay on input line 15.
LaTeX Font Info:    Checking defaults for T1/cmr/m/n on input line 15.
LaTeX Font Info:    ... okay on input line 15.
LaTeX Font Info:    Checking defaults for TS1/cmr/m/n on input line 15.
LaTeX Font Info:    ... okay on input line 15.
LaTeX Font Info:    Checking defaults for OMX/cmex/m/n on input line 15.
LaTeX Font Info:    ... okay on input line 15.
LaTeX Font Info:    Checking defaults for U/cmr/m/n on input line 15.
LaTeX Font Info:    ... okay on input line 15.

-- Lines per column: 56 (exact).
(d:/texlive/2026/texmf-dist/tex/context/base/mkii/supp-pdf.mkii
[Loading MPS to PDF converter (version 2006.09.02).]
\scratchcounter=\count307
\scratchdimen=\dimen183
\scratchbox=\box57
\nofMPsegments=\count308
\nofMParguments=\count309
\everyMPshowfont=\toks24
\MPscratchCnt=\count310
\MPscratchDim=\dimen184
\MPnumerator=\count311
\makeMPintoPDFobject=\count312
\everyMPtoPDFconversion=\toks25
) (d:/texlive/2026/texmf-dist/tex/latex/epstopdf-pkg/epstopdf-base.sty
Package: epstopdf-base 2020-01-24 v2.11 Base part for package epstopdf
Package epstopdf-base Info: Redefining graphics rule for `.eps' on input line 485.
 (d:/texlive/2026/texmf-dist/tex/latex/latexconfig/epstopdf-sys.cfg
File: epstopdf-sys.cfg 2010/07/13 v1.3 Configuration of (r)epstopdf for TeX Live
))
LaTeX Font Info:    Calculating math sizes for size <11> on input line 61.
LaTeX Font Info:    Trying to load font information for U+msa on input line 61.
 (d:/texlive/2026/texmf-dist/tex/latex/amsfonts/umsa.fd
File: umsa.fd 2013/01/14 v3.01 AMS symbols A
)
LaTeX Font Info:    Trying to load font information for U+msb on input line 61.
 (d:/texlive/2026/texmf-dist/tex/latex/amsfonts/umsb.fd
File: umsb.fd 2013/01/14 v3.01 AMS symbols B
)

e:/User/Noto/SIIT/SIIT_Year_4/LLM_WritePoem/Paper/Latex_Paper/iSAI-Klon-Checker.tex:79: LaTeX Error: Unicode character ก (U+0E01)
               not set up for use with LaTeX.

See the LaTeX manual or LaTeX Companion for explanation.
Type  H <return>  for immediate help.
 ...                                              
                                                  
l.79 ...bf{Context:} Introduce Thai Klon-Paed (ก
                                                  ลอนแปด) and it...
You may provide a definition with
\DeclareUnicodeCharacter 


e:/User/Noto/SIIT/SIIT_Year_4/LLM_WritePoem/Paper/Latex_Paper/iSAI-Klon-Checker.tex:79: LaTeX Error: Unicode character ล (U+0E25)
               not set up for use with LaTeX.

See the LaTeX manual or LaTeX Companion for explanation.
Type  H <return>  for immediate help.
 ...                                              
                                                  
l.79 ...Context:} Introduce Thai Klon-Paed (กล
                                                  อนแปด) and its s...
You may provide a definition with
\DeclareUnicodeCharacter 


e:/User/Noto/SIIT/SIIT_Year_4/LLM_WritePoem/Paper/Latex_Paper/iSAI-Klon-Checker.tex:79: LaTeX Error: Unicode character อ (U+0E2D)
               not set up for use with LaTeX.

See the LaTeX manual or LaTeX Companion for explanation.
Type  H <return>  for immediate help.
 ...                                              
                                                  
l.79 ...text:} Introduce Thai Klon-Paed (กลอ
                                                  นแปด) and its stri...
You may provide a definition with
\DeclareUnicodeCharacter 


e:/User/Noto/SIIT/SIIT_Year_4/LLM_WritePoem/Paper/Latex_Paper/iSAI-Klon-Checker.tex:79: LaTeX Error: Unicode character น (U+0E19)
               not set up for use with LaTeX.

See the LaTeX manual or LaTeX Companion for explanation.
Type  H <return>  for immediate help.
 ...                                              
                                                  
l.79 ...t:} Introduce Thai Klon-Paed (กลอน
                                                  แปด) and its strict ...
You may provide a definition with
\DeclareUnicodeCharacter 


e:/User/Noto/SIIT/SIIT_Year_4/LLM_WritePoem/Paper/Latex_Paper/iSAI-Klon-Checker.tex:79: LaTeX Error: Unicode character แ (U+0E41)
               not set up for use with LaTeX.

See the LaTeX manual or LaTeX Companion for explanation.
Type  H <return>  for immediate help.
 ...                                              
                                                  
l.79 ... Introduce Thai Klon-Paed (กลอนแ
                                                  ปด) and its strict str...
You may provide a definition with
\DeclareUnicodeCharacter 


e:/User/Noto/SIIT/SIIT_Year_4/LLM_WritePoem/Paper/Latex_Paper/iSAI-Klon-Checker.tex:79: LaTeX Error: Unicode character ป (U+0E1B)
               not set up for use with LaTeX.

See the LaTeX manual or LaTeX Companion for explanation.
Type  H <return>  for immediate help.
 ...                                              
                                                  
l.79 ...troduce Thai Klon-Paed (กลอนแป
                                                  ด) and its strict struct...
You may provide a definition with
\DeclareUnicodeCharacter 


e:/User/Noto/SIIT/SIIT_Year_4/LLM_WritePoem/Paper/Latex_Paper/iSAI-Klon-Checker.tex:79: LaTeX Error: Unicode character ด (U+0E14)
               not set up for use with LaTeX.

See the LaTeX manual or LaTeX Companion for explanation.
Type  H <return>  for immediate help.
 ...                                              
                                                  
l.79 ...duce Thai Klon-Paed (กลอนแปด
                                                  ) and its strict structura...
You may provide a definition with
\DeclareUnicodeCharacter 


Underfull \hbox (badness 10000) in paragraph at lines 86--87
[]\OT1/ptm/b/n/10 Limitations of Prior Art: \OT1/ptm/m/n/10 Pre-vi-ous check-ers
 []

LaTeX Font Info:    Trying to load font information for OT1+pcr on input line 89.
(d:/texlive/2026/texmf-dist/tex/latex/psnfss/ot1pcr.fd
File: ot1pcr.fd 2001/06/04 font definitions for OT1/pcr.
)
Underfull \hbox (badness 10000) in paragraph at lines 89--90
[]\OT1/ptm/m/n/10 Improved core ver-i-fi-ca-tion al-go-rithms
 []


Underfull \vbox (badness 1062) has occurred while \output is active []



e:/User/Noto/SIIT/SIIT_Year_4/LLM_WritePoem/Paper/Latex_Paper/iSAI-Klon-Checker.tex:114: LaTeX Error: Unicode character ส (U+0E2A)
               not set up for use with LaTeX.

See the LaTeX manual or LaTeX Companion for explanation.
Type  H <return>  for immediate help.
 ...                                              
                                                  
l.114 ... Handling transformed/reduced vowels (ส
                                                  ระประสม, ส...
You may provide a definition with
\DeclareUnicodeCharacter 


e:/User/Noto/SIIT/SIIT_Year_4/LLM_WritePoem/Paper/Latex_Paper/iSAI-Klon-Checker.tex:114: LaTeX Error: Unicode character ร (U+0E23)
               not set up for use with LaTeX.

See the LaTeX manual or LaTeX Companion for explanation.
Type  H <return>  for immediate help.
 ...                                              
                                                  
l.114 ...ndling transformed/reduced vowels (สร
                                                  ะประสม, สร...
You may provide a definition with
\DeclareUnicodeCharacter 


e:/User/Noto/SIIT/SIIT_Year_4/LLM_WritePoem/Paper/Latex_Paper/iSAI-Klon-Checker.tex:114: LaTeX Error: Unicode character ะ (U+0E30)
               not set up for use with LaTeX.

See the LaTeX manual or LaTeX Companion for explanation.
Type  H <return>  for immediate help.
 ...                                              
                                                  
l.114 ...ing transformed/reduced vowels (สระ
                                                  ประสม, สระ...
You may provide a definition with
\DeclareUnicodeCharacter 


e:/User/Noto/SIIT/SIIT_Year_4/LLM_WritePoem/Paper/Latex_Paper/iSAI-Klon-Checker.tex:114: LaTeX Error: Unicode character ป (U+0E1B)
               not set up for use with LaTeX.

See the LaTeX manual or LaTeX Companion for explanation.
Type  H <return>  for immediate help.
 ...                                              
                                                  
l.114 ... transformed/reduced vowels (สระป
                                                  ระสม, สระล...
You may provide a definition with
\DeclareUnicodeCharacter 


e:/User/Noto/SIIT/SIIT_Year_4/LLM_WritePoem/Paper/Latex_Paper/iSAI-Klon-Checker.tex:114: LaTeX Error: Unicode character ร (U+0E23)
               not set up for use with LaTeX.

See the LaTeX manual or LaTeX Companion for explanation.
Type  H <return>  for immediate help.
 ...                                              
                                                  
l.114 ...ansformed/reduced vowels (สระปร
                                                  ะสม, สระลด...
You may provide a definition with
\DeclareUnicodeCharacter 


e:/User/Noto/SIIT/SIIT_Year_4/LLM_WritePoem/Paper/Latex_Paper/iSAI-Klon-Checker.tex:114: LaTeX Error: Unicode character ะ (U+0E30)
               not set up for use with LaTeX.

See the LaTeX manual or LaTeX Companion for explanation.
Type  H <return>  for immediate help.
 ...                                              
                                                  
l.114 ...formed/reduced vowels (สระประ
                                                  สม, สระลดร...
You may provide a definition with
\DeclareUnicodeCharacter 


e:/User/Noto/SIIT/SIIT_Year_4/LLM_WritePoem/Paper/Latex_Paper/iSAI-Klon-Checker.tex:114: LaTeX Error: Unicode character ส (U+0E2A)
               not set up for use with LaTeX.

See the LaTeX manual or LaTeX Companion for explanation.
Type  H <return>  for immediate help.
 ...                                              
                                                  
l.114 ...med/reduced vowels (สระประส
                                                  ม, สระลดรู...
You may provide a definition with
\DeclareUnicodeCharacter 


e:/User/Noto/SIIT/SIIT_Year_4/LLM_WritePoem/Paper/Latex_Paper/iSAI-Klon-Checker.tex:114: LaTeX Error: Unicode character ม (U+0E21)
               not set up for use with LaTeX.

See the LaTeX manual or LaTeX Companion for explanation.
Type  H <return>  for immediate help.
 ...                                              
                                                  
l.114 .../reduced vowels (สระประสม
                                                  , สระลดรูป).
You may provide a definition with
\DeclareUnicodeCharacter 


e:/User/Noto/SIIT/SIIT_Year_4/LLM_WritePoem/Paper/Latex_Paper/iSAI-Klon-Checker.tex:114: LaTeX Error: Unicode character ส (U+0E2A)
               not set up for use with LaTeX.

See the LaTeX manual or LaTeX Companion for explanation.
Type  H <return>  for immediate help.
 ...                                              
                                                  
l.114 ...ced vowels (สระประสม, ส
                                                  ระลดรูป).
You may provide a definition with
\DeclareUnicodeCharacter 


e:/User/Noto/SIIT/SIIT_Year_4/LLM_WritePoem/Paper/Latex_Paper/iSAI-Klon-Checker.tex:114: LaTeX Error: Unicode character ร (U+0E23)
               not set up for use with LaTeX.

See the LaTeX manual or LaTeX Companion for explanation.
Type  H <return>  for immediate help.
 ...                                              
                                                  
l.114 ... vowels (สระประสม, สร
                                                  ะลดรูป).
You may provide a definition with
\DeclareUnicodeCharacter 


e:/User/Noto/SIIT/SIIT_Year_4/LLM_WritePoem/Paper/Latex_Paper/iSAI-Klon-Checker.tex:114: LaTeX Error: Unicode character ะ (U+0E30)
               not set up for use with LaTeX.

See the LaTeX manual or LaTeX Companion for explanation.
Type  H <return>  for immediate help.
 ...                                              
                                                  
l.114 ...wels (สระประสม, สระ
                                                  ลดรูป).
You may provide a definition with
\DeclareUnicodeCharacter 


e:/User/Noto/SIIT/SIIT_Year_4/LLM_WritePoem/Paper/Latex_Paper/iSAI-Klon-Checker.tex:114: LaTeX Error: Unicode character ล (U+0E25)
               not set up for use with LaTeX.

See the LaTeX manual or LaTeX Companion for explanation.
Type  H <return>  for immediate help.
 ...                                              
                                                  
l.114 ...s (สระประสม, สระล
                                                  ดรูป).
You may provide a definition with
\DeclareUnicodeCharacter 


e:/User/Noto/SIIT/SIIT_Year_4/LLM_WritePoem/Paper/Latex_Paper/iSAI-Klon-Checker.tex:114: LaTeX Error: Unicode character ด (U+0E14)
               not set up for use with LaTeX.

See the LaTeX manual or LaTeX Companion for explanation.
Type  H <return>  for immediate help.
 ...                                              
                                                  
l.114 ...สระประสม, สระลด
                                                  รูป).
You may provide a definition with
\DeclareUnicodeCharacter 


e:/User/Noto/SIIT/SIIT_Year_4/LLM_WritePoem/Paper/Latex_Paper/iSAI-Klon-Checker.tex:114: LaTeX Error: Unicode character ร (U+0E23)
               not set up for use with LaTeX.

See the LaTeX manual or LaTeX Companion for explanation.
Type  H <return>  for immediate help.
 ...                                              
                                                  
l.114 ...ระประสม, สระลดร
                                                  ูป).
You may provide a definition with
\DeclareUnicodeCharacter 


e:/User/Noto/SIIT/SIIT_Year_4/LLM_WritePoem/Paper/Latex_Paper/iSAI-Klon-Checker.tex:114: LaTeX Error: Unicode character ู (U+0E39)
               not set up for use with LaTeX.

See the LaTeX manual or LaTeX Companion for explanation.
Type  H <return>  for immediate help.
 ...                                              
                                                  
l.114 ...ะประสม, สระลดรู
                                                  ป).
You may provide a definition with
\DeclareUnicodeCharacter 


e:/User/Noto/SIIT/SIIT_Year_4/LLM_WritePoem/Paper/Latex_Paper/iSAI-Klon-Checker.tex:114: LaTeX Error: Unicode character ป (U+0E1B)
               not set up for use with LaTeX.

See the LaTeX manual or LaTeX Companion for explanation.
Type  H <return>  for immediate help.
 ...                                              
                                                  
l.114 ...ประสม, สระลดรูป
                                                  ).
You may provide a definition with
\DeclareUnicodeCharacter 


e:/User/Noto/SIIT/SIIT_Year_4/LLM_WritePoem/Paper/Latex_Paper/iSAI-Klon-Checker.tex:117: LaTeX Error: Unicode character โ (U+0E42)
               not set up for use with LaTeX.

See the LaTeX manual or LaTeX Companion for explanation.
Type  H <return>  for immediate help.
 ...                                              
                                                  
l.117 ...Stripping silenced characters (e.g., "โ
                                                  อห์ม" $\rightarrow...
You may provide a definition with
\DeclareUnicodeCharacter 


e:/User/Noto/SIIT/SIIT_Year_4/LLM_WritePoem/Paper/Latex_Paper/iSAI-Klon-Checker.tex:117: LaTeX Error: Unicode character อ (U+0E2D)
               not set up for use with LaTeX.

See the LaTeX manual or LaTeX Companion for explanation.
Type  H <return>  for immediate help.
 ...                                              
                                                  
l.117 ...ipping silenced characters (e.g., "โอ
                                                  ห์ม" $\rightarrow$ "...
You may provide a definition with
\DeclareUnicodeCharacter 


e:/User/Noto/SIIT/SIIT_Year_4/LLM_WritePoem/Paper/Latex_Paper/iSAI-Klon-Checker.tex:117: LaTeX Error: Unicode character ห (U+0E2B)
               not set up for use with LaTeX.

See the LaTeX manual or LaTeX Companion for explanation.
Type  H <return>  for immediate help.
 ...                                              
                                                  
l.117 ...ing silenced characters (e.g., "โอห
                                                  ์ม" $\rightarrow$ "โ...
You may provide a definition with
\DeclareUnicodeCharacter 


e:/User/Noto/SIIT/SIIT_Year_4/LLM_WritePoem/Paper/Latex_Paper/iSAI-Klon-Checker.tex:117: LaTeX Error: Unicode character ์ (U+0E4C)
               not set up for use with LaTeX.

See the LaTeX manual or LaTeX Companion for explanation.
Type  H <return>  for immediate help.
 ...                                              
                                                  
l.117 ... silenced characters (e.g., "โอห์
                                                  ม" $\rightarrow$ "โอ").
You may provide a definition with
\DeclareUnicodeCharacter 


e:/User/Noto/SIIT/SIIT_Year_4/LLM_WritePoem/Paper/Latex_Paper/iSAI-Klon-Checker.tex:117: LaTeX Error: Unicode character ม (U+0E21)
               not set up for use with LaTeX.

See the LaTeX manual or LaTeX Companion for explanation.
Type  H <return>  for immediate help.
 ...                                              
                                                  
l.117 ...lenced characters (e.g., "โอห์ม
                                                  " $\rightarrow$ "โอ").
You may provide a definition with
\DeclareUnicodeCharacter 


e:/User/Noto/SIIT/SIIT_Year_4/LLM_WritePoem/Paper/Latex_Paper/iSAI-Klon-Checker.tex:117: LaTeX Error: Unicode character โ (U+0E42)
               not set up for use with LaTeX.

See the LaTeX manual or LaTeX Companion for explanation.
Type  H <return>  for immediate help.
 ...                                              
                                                  
l.117 ....g., "โอห์ม" $\rightarrow$ "โ
                                                  อ").
You may provide a definition with
\DeclareUnicodeCharacter 


e:/User/Noto/SIIT/SIIT_Year_4/LLM_WritePoem/Paper/Latex_Paper/iSAI-Klon-Checker.tex:117: LaTeX Error: Unicode character อ (U+0E2D)
               not set up for use with LaTeX.

See the LaTeX manual or LaTeX Companion for explanation.
Type  H <return>  for immediate help.
 ...                                              
                                                  
l.117 ..., "โอห์ม" $\rightarrow$ "โอ
                                                  ").
You may provide a definition with
\DeclareUnicodeCharacter 


e:/User/Noto/SIIT/SIIT_Year_4/LLM_WritePoem/Paper/Latex_Paper/iSAI-Klon-Checker.tex:118: LaTeX Error: Unicode character ย (U+0E22)
               not set up for use with LaTeX.

See the LaTeX manual or LaTeX Companion for explanation.
Type  H <return>  for immediate help.
 ...                                              
                                                  
l.118 ...al}: Differentiating genuine finals (-ย
                                                  , -ล) from clusters or d...
You may provide a definition with
\DeclareUnicodeCharacter 


e:/User/Noto/SIIT/SIIT_Year_4/LLM_WritePoem/Paper/Latex_Paper/iSAI-Klon-Checker.tex:118: LaTeX Error: Unicode character ล (U+0E25)
               not set up for use with LaTeX.

See the LaTeX manual or LaTeX Companion for explanation.
Type  H <return>  for immediate help.
 ...                                              
                                                  
l.118 ...ifferentiating genuine finals (-ย, -ล
                                                  ) from clusters or digraphs.
You may provide a definition with
\DeclareUnicodeCharacter 


e:/User/Noto/SIIT/SIIT_Year_4/LLM_WritePoem/Paper/Latex_Paper/iSAI-Klon-Checker.tex:124: LaTeX Error: Unicode character ร (U+0E23)
               not set up for use with LaTeX.

See the LaTeX manual or LaTeX Companion for explanation.
Type  H <return>  for immediate help.
 ...                                              
                                                  
l.124 ... has "blind spots" (e.g., the silent 'ร
                                                  ' in "เพชร").
You may provide a definition with
\DeclareUnicodeCharacter 


e:/User/Noto/SIIT/SIIT_Year_4/LLM_WritePoem/Paper/Latex_Paper/iSAI-Klon-Checker.tex:124: LaTeX Error: Unicode character เ (U+0E40)
               not set up for use with LaTeX.

See the LaTeX manual or LaTeX Companion for explanation.
Type  H <return>  for immediate help.
 ...                                              
                                                  
l.124 ...nd spots" (e.g., the silent 'ร' in "เ
                                                  พชร").
You may provide a definition with
\DeclareUnicodeCharacter 


e:/User/Noto/SIIT/SIIT_Year_4/LLM_WritePoem/Paper/Latex_Paper/iSAI-Klon-Checker.tex:124: LaTeX Error: Unicode character พ (U+0E1E)
               not set up for use with LaTeX.

See the LaTeX manual or LaTeX Companion for explanation.
Type  H <return>  for immediate help.
 ...                                              
                                                  
l.124 ...spots" (e.g., the silent 'ร' in "เพ
                                                  ชร").
You may provide a definition with
\DeclareUnicodeCharacter 


e:/User/Noto/SIIT/SIIT_Year_4/LLM_WritePoem/Paper/Latex_Paper/iSAI-Klon-Checker.tex:124: LaTeX Error: Unicode character ช (U+0E0A)
               not set up for use with LaTeX.

See the LaTeX manual or LaTeX Companion for explanation.
Type  H <return>  for immediate help.
 ...                                              
                                                  
l.124 ...ts" (e.g., the silent 'ร' in "เพช
                                                  ร").
You may provide a definition with
\DeclareUnicodeCharacter 


e:/User/Noto/SIIT/SIIT_Year_4/LLM_WritePoem/Paper/Latex_Paper/iSAI-Klon-Checker.tex:124: LaTeX Error: Unicode character ร (U+0E23)
               not set up for use with LaTeX.

See the LaTeX manual or LaTeX Companion for explanation.
Type  H <return>  for immediate help.
 ...                                              
                                                  
l.124 ... (e.g., the silent 'ร' in "เพชร
                                                  ").
You may provide a definition with
\DeclareUnicodeCharacter 

[1{d:/texlive/2026/texmf-var/fonts/map/pdftex/updmap/pdftex.map}{d:/texlive/2026/texmf-dist/fonts/enc/dvips/base/8r.enc}


]

e:/User/Noto/SIIT/SIIT_Year_4/LLM_WritePoem/Paper/Latex_Paper/iSAI-Klon-Checker.tex:142: LaTeX Error: Unicode character ศ (U+0E28)
               not set up for use with LaTeX.

See the LaTeX manual or LaTeX Companion for explanation.
Type  H <return>  for immediate help.
 ...                                              
                                                  
l.142 ...scuss "Oracle-blind" positives (e.g., ศ
                                                  ัตรู, กษัต...
You may provide a definition with
\DeclareUnicodeCharacter 


e:/User/Noto/SIIT/SIIT_Year_4/LLM_WritePoem/Paper/Latex_Paper/iSAI-Klon-Checker.tex:142: LaTeX Error: Unicode character ั (U+0E31)
               not set up for use with LaTeX.

See the LaTeX manual or LaTeX Companion for explanation.
Type  H <return>  for immediate help.
 ...                                              
                                                  
l.142 ...ss "Oracle-blind" positives (e.g., ศั
                                                  ตรู, กษัตร...
You may provide a definition with
\DeclareUnicodeCharacter 


e:/User/Noto/SIIT/SIIT_Year_4/LLM_WritePoem/Paper/Latex_Paper/iSAI-Klon-Checker.tex:142: LaTeX Error: Unicode character ต (U+0E15)
               not set up for use with LaTeX.

See the LaTeX manual or LaTeX Companion for explanation.
Type  H <return>  for immediate help.
 ...                                              
                                                  
l.142 ..."Oracle-blind" positives (e.g., ศัต
                                                  รู, กษัตรี...
You may provide a definition with
\DeclareUnicodeCharacter 


e:/User/Noto/SIIT/SIIT_Year_4/LLM_WritePoem/Paper/Latex_Paper/iSAI-Klon-Checker.tex:142: LaTeX Error: Unicode character ร (U+0E23)
               not set up for use with LaTeX.

See the LaTeX manual or LaTeX Companion for explanation.
Type  H <return>  for immediate help.
 ...                                              
                                                  
l.142 ...acle-blind" positives (e.g., ศัตร
                                                  ู, กษัตรี) i...
You may provide a definition with
\DeclareUnicodeCharacter 


e:/User/Noto/SIIT/SIIT_Year_4/LLM_WritePoem/Paper/Latex_Paper/iSAI-Klon-Checker.tex:142: LaTeX Error: Unicode character ู (U+0E39)
               not set up for use with LaTeX.

See the LaTeX manual or LaTeX Companion for explanation.
Type  H <return>  for immediate help.
 ...                                              
                                                  
l.142 ...e-blind" positives (e.g., ศัตรู
                                                  , กษัตรี) inte...
You may provide a definition with
\DeclareUnicodeCharacter 


e:/User/Noto/SIIT/SIIT_Year_4/LLM_WritePoem/Paper/Latex_Paper/iSAI-Klon-Checker.tex:142: LaTeX Error: Unicode character ก (U+0E01)
               not set up for use with LaTeX.

See the LaTeX manual or LaTeX Companion for explanation.
Type  H <return>  for immediate help.
 ...                                              
                                                  
l.142 ...nd" positives (e.g., ศัตรู, ก
                                                  ษัตรี) intention...
You may provide a definition with
\DeclareUnicodeCharacter 


e:/User/Noto/SIIT/SIIT_Year_4/LLM_WritePoem/Paper/Latex_Paper/iSAI-Klon-Checker.tex:142: LaTeX Error: Unicode character ษ (U+0E29)
               not set up for use with LaTeX.

See the LaTeX manual or LaTeX Companion for explanation.
Type  H <return>  for immediate help.
 ...                                              
                                                  
l.142 ... positives (e.g., ศัตรู, กษ
                                                  ัตรี) intentionall...
You may provide a definition with
\DeclareUnicodeCharacter 


e:/User/Noto/SIIT/SIIT_Year_4/LLM_WritePoem/Paper/Latex_Paper/iSAI-Klon-Checker.tex:142: LaTeX Error: Unicode character ั (U+0E31)
               not set up for use with LaTeX.

See the LaTeX manual or LaTeX Companion for explanation.
Type  H <return>  for immediate help.
 ...                                              
                                                  
l.142 ...sitives (e.g., ศัตรู, กษั
                                                  ตรี) intentionally d...
You may provide a definition with
\DeclareUnicodeCharacter 


e:/User/Noto/SIIT/SIIT_Year_4/LLM_WritePoem/Paper/Latex_Paper/iSAI-Klon-Checker.tex:142: LaTeX Error: Unicode character ต (U+0E15)
               not set up for use with LaTeX.

See the LaTeX manual or LaTeX Companion for explanation.
Type  H <return>  for immediate help.
 ...                                              
                                                  
l.142 ...ives (e.g., ศัตรู, กษัต
                                                  รี) intentionally desi...
You may provide a definition with
\DeclareUnicodeCharacter 


e:/User/Noto/SIIT/SIIT_Year_4/LLM_WritePoem/Paper/Latex_Paper/iSAI-Klon-Checker.tex:142: LaTeX Error: Unicode character ร (U+0E23)
               not set up for use with LaTeX.

See the LaTeX manual or LaTeX Companion for explanation.
Type  H <return>  for immediate help.
 ...                                              
                                                  
l.142 ...s (e.g., ศัตรู, กษัตร
                                                  ี) intentionally designe...
You may provide a definition with
\DeclareUnicodeCharacter 


e:/User/Noto/SIIT/SIIT_Year_4/LLM_WritePoem/Paper/Latex_Paper/iSAI-Klon-Checker.tex:142: LaTeX Error: Unicode character ี (U+0E35)
               not set up for use with LaTeX.

See the LaTeX manual or LaTeX Companion for explanation.
Type  H <return>  for immediate help.
 ...                                              
                                                  
l.142 ...e.g., ศัตรู, กษัตรี
                                                  ) intentionally designed t...
You may provide a definition with
\DeclareUnicodeCharacter 


e:/User/Noto/SIIT/SIIT_Year_4/LLM_WritePoem/Paper/Latex_Paper/iSAI-Klon-Checker.tex:163: LaTeX Error: Unicode character เ (U+0E40)
               not set up for use with LaTeX.

See the LaTeX manual or LaTeX Companion for explanation.
Type  H <return>  for immediate help.
 ...                                              
                                                  
l.163 ...the oracle-blind spots (e.g., reading เ
                                                  พชร $\rightarrow$ �...
You may provide a definition with
\DeclareUnicodeCharacter 


e:/User/Noto/SIIT/SIIT_Year_4/LLM_WritePoem/Paper/Latex_Paper/iSAI-Klon-Checker.tex:163: LaTeX Error: Unicode character พ (U+0E1E)
               not set up for use with LaTeX.

See the LaTeX manual or LaTeX Companion for explanation.
Type  H <return>  for immediate help.
 ...                                              
                                                  
l.163 ... oracle-blind spots (e.g., reading เพ
                                                  ชร $\rightarrow$ เ�...
You may provide a definition with
\DeclareUnicodeCharacter 


e:/User/Noto/SIIT/SIIT_Year_4/LLM_WritePoem/Paper/Latex_Paper/iSAI-Klon-Checker.tex:163: LaTeX Error: Unicode character ช (U+0E0A)
               not set up for use with LaTeX.

See the LaTeX manual or LaTeX Companion for explanation.
Type  H <return>  for immediate help.
 ...                                              
                                                  
l.163 ...acle-blind spots (e.g., reading เพช
                                                  ร $\rightarrow$ เพ�...
You may provide a definition with
\DeclareUnicodeCharacter 


e:/User/Noto/SIIT/SIIT_Year_4/LLM_WritePoem/Paper/Latex_Paper/iSAI-Klon-Checker.tex:163: LaTeX Error: Unicode character ร (U+0E23)
               not set up for use with LaTeX.

See the LaTeX manual or LaTeX Companion for explanation.
Type  H <return>  for immediate help.
 ...                                              
                                                  
l.163 ...e-blind spots (e.g., reading เพชร
                                                   $\rightarrow$ เพ็�...
You may provide a definition with
\DeclareUnicodeCharacter 


e:/User/Noto/SIIT/SIIT_Year_4/LLM_WritePoem/Paper/Latex_Paper/iSAI-Klon-Checker.tex:163: LaTeX Error: Unicode character เ (U+0E40)
               not set up for use with LaTeX.

See the LaTeX manual or LaTeX Companion for explanation.
Type  H <return>  for immediate help.
 ...                                              
                                                  
l.163 ...., reading เพชร $\rightarrow$ เ
                                                  พ็ด) that Model B mi...
You may provide a definition with
\DeclareUnicodeCharacter 


e:/User/Noto/SIIT/SIIT_Year_4/LLM_WritePoem/Paper/Latex_Paper/iSAI-Klon-Checker.tex:163: LaTeX Error: Unicode character พ (U+0E1E)
               not set up for use with LaTeX.

See the LaTeX manual or LaTeX Companion for explanation.
Type  H <return>  for immediate help.
 ...                                              
                                                  
l.163 ...reading เพชร $\rightarrow$ เพ
                                                  ็ด) that Model B misses.
You may provide a definition with
\DeclareUnicodeCharacter 


e:/User/Noto/SIIT/SIIT_Year_4/LLM_WritePoem/Paper/Latex_Paper/iSAI-Klon-Checker.tex:163: LaTeX Error: Unicode character ็ (U+0E47)
               not set up for use with LaTeX.

See the LaTeX manual or LaTeX Companion for explanation.
Type  H <return>  for immediate help.
 ...                                              
                                                  
l.163 ...ding เพชร $\rightarrow$ เพ็
                                                  ด) that Model B misses.
You may provide a definition with
\DeclareUnicodeCharacter 


e:/User/Noto/SIIT/SIIT_Year_4/LLM_WritePoem/Paper/Latex_Paper/iSAI-Klon-Checker.tex:163: LaTeX Error: Unicode character ด (U+0E14)
               not set up for use with LaTeX.

See the LaTeX manual or LaTeX Companion for explanation.
Type  H <return>  for immediate help.
 ...                                              
                                                  
l.163 ...g เพชร $\rightarrow$ เพ็ด
                                                  ) that Model B misses.
You may provide a definition with
\DeclareUnicodeCharacter 


Underfull \hbox (badness 10000) in paragraph at lines 189--190
[]\OT1/ptm/m/n/10 Acknowledge the de-vel-op-ers of the \OT1/pcr/m/n/10 tltk \OT1/ptm/m/n/10 and
 []


Underfull \hbox (badness 10000) in paragraph at lines 194--195
[]\OT1/ptm/m/n/8 PyThaiNLP Con-trib-u-tors, "PyThaiNLP: Thai Nat-u-ral
 []


Underfull \hbox (badness 10000) in paragraph at lines 194--195
\OT1/ptm/m/n/8 Lan-guage Pro-cess-ing in Python," [On-line]. Avail-able:
 []


** Conference Paper **
Before submitting the final camera ready copy, remember to:

 1. Manually equalize the lengths of two columns on the last page
 of your paper;

 2. Ensure that any PostScript and/or PDF output post-processing
 uses only Type 1 fonts and that every step in the generation
 process uses the appropriate paper size.

[2] (./iSAI-Klon-Checker.aux)
 ***********
LaTeX2e <2025-11-01>
L3 programming layer <2026-01-19>
 ***********


LaTeX Warning: Label(s) may have changed. Rerun to get cross-references right.

 ) 
Here is how much of TeX's memory you used:
 4248 strings out of 467525
 65570 string characters out of 5423210
 488970 words of memory out of 5000000
 33122 multiletter control sequences out of 15000+600000
 665741 words of font info for 116 fonts, out of 8000000 for 9000
 1141 hyphenation exceptions out of 8191
 57i,11n,65p,345b,348s stack positions out of 10000i,1000n,20000p,200000b,200000s
<d:/texlive/2026/texmf-dist/fonts/type1/public/amsfonts/cm/cmr10.pfb><d:/texlive/2026/texmf-dist/fonts/type1/public/amsfonts/cm/cmsy10.pfb><d:/texlive/2026/texmf-dist/fonts/type1/public/amsfonts/cm/cmsy7.pfb><d:/texlive/2026/texmf-dist/fonts/type1/urw/courier/ucrr8a.pfb><d:/texlive/2026/texmf-dist/fonts/type1/urw/times/utmb8a.pfb><d:/texlive/2026/texmf-dist/fonts/type1/urw/times/utmbi8a.pfb><d:/texlive/2026/texmf-dist/fonts/type1/urw/times/utmr8a.pfb><d:/texlive/2026/texmf-dist/fonts/type1/urw/times/utmri8a.pfb>
Output written on iSAI-Klon-Checker.pdf (2 pages, 102168 bytes).
PDF statistics:
 52 PDF objects out of 1000 (max. 8388607)
 31 compressed objects within 1 object stream
 0 named destinations out of 1000 (max. 500000)
 1 words of extra memory for PDF output out of 10000 (max. 10000000)

